adobe.com
adobe.io
adobecc.com
adobecces.com
adobeccstatic.com
adobedtm.com
adobeexchange.com
adobegenuine.com
adobegov.com
adobe-identity.com
adobejanus.com
adobelogin.com
adobedc.net
adobeoobe.com
adobeprojectm.com
adobesc.com
adobe-services.com
adobess.com
adobesunbreak.com
adobetag.com
behance.net
ftcdn.net
typekit.com
typekit.net
astockcdn.net
acrobat.com
acrocomcontent.com
adobecontent.io
adobesign.com
adobesigncdn.com
echosign.com
echocdn.com
photoshop.com
adbephotos.com
adobesensei.io
myportfolio.com
prosite.com
frame.io
f.io
adobeaemcloud.com
scene7.com
marketo.com
mktorest.com
magento.com
magento.cloud
adobeconnect.com
adobestock.com
adobe.ly
pdf.new
sign.new
compresspdf.new
convertpdf.new
wordtopdf.new
jpgtopdf.new
pre-signed-firefly-prod.s3-accelerate.amazonaws.com
pre-signed-firefly-prod.s3.amazonaws.com
frameio-assets.s3.amazonaws.com
frameio-application-production.s3-accelerate.amazonaws.com
frameio-assets-production.s3-accelerate.amazonaws.com
frameio-uploads-production.s3-accelerate.amazonaws.com
adobe-api.arkoselabs.com
adobe-verify.arkoselabs.com
client-api.arkoselabs.com
client-verify.arkoselabs.com
