deepmind.com
deepmind.google
generativeai.google
gemini.google
gemini.google.com
gemini.gstatic.com
bard.google.com
ai.google.dev
ai.studio
aistudio.google.com
makersuite.google.com
geller-pa.googleapis.com
generativelanguage.googleapis.com
proactivebackend-pa.googleapis.com
robinfrontend-pa.googleapis.com
alkalicore-pa.clients6.google.com
alkalimakersuite-pa.clients6.google.com
webchannel-alkalimakersuite-pa.clients6.google.com
notebook.google
notebook.google.com
notebooklm.google
notebooklm.google.com
notebooklm-pa.googleapis.com
notebooklm.googleapis.com
flow.google
flow.google.com
flow-content.google
labs.google
labs.google.com
aitestkitchen.withgoogle.com
aisandbox-pa.googleapis.com
jules.google
jules.google.com
opal.google
opal.google.com
opal.withgoogle.com
stitch.withgoogle.com
antigravity.google
antigravity-unleash.goog
antigravity-pa.googleapis.com
antigravity.googleapis.com
cloudaicompanion.googleapis.com
cloudcode-pa.googleapis.com
daily-cloudcode-pa.googleapis.com
daily-cloudcode-pa.sandbox.googleapis.com
aicode.googleapis.com
aida.googleapis.com
geminicloudassist.googleapis.com
aiplatform.googleapis.com
notebooklm.cloud.google.com
discoveryengine.googleapis.com
console.cloud.google.com
accounts.google.com
one.google.com
oauth2.googleapis.com
serviceusage.googleapis.com
cloudresourcemanager.googleapis.com
people.googleapis.com
apihub.googleapis.com
firebaselogging-pa.googleapis.com
feedback-pa.googleapis.com
assistantfrontend-pa.googleapis.com
assistant-s3-pa.googleapis.com
speechs3proto2-pa.googleapis.com
firebaseinstallations.googleapis.com
www.googleapis.com
apis.google.com
jnn-pa.googleapis.com
waa-pa.clients6.google.com
ogads-pa.clients6.google.com
optimizationguide-pa.googleapis.com
streetviewpixels-pa.googleapis.com
content-autofill.googleapis.com
www.google.com
ogs.google.com
play.google.com
lh3.google.com
lh3.googleusercontent.com
lh5.googleusercontent.com
contribution.usercontent.google.com
ssl.gstatic.com
www.gstatic.com
fonts.gstatic.com
fonts.googleapis.com
maps.gstatic.com
maps.googleapis.com
encrypted-tbn0.gstatic.com
encrypted-tbn1.gstatic.com
encrypted-tbn2.gstatic.com
encrypted-tbn3.gstatic.com
www.youtube.com
i.ytimg.com
yt3.ggpht.com
csp.withgoogle.com
www.googletagmanager.com
www.google-analytics.com
static.doubleclick.net
td.doubleclick.net
googleads.g.doubleclick.net
