tiktok.com
tiktokshop.com
tiktokglobalshop.com
tiktokglobalshopv.com
tiktok-minis.com
tiktokminis.us
tiktokv.com
tiktokv.eu
tiktokv.us
tiktokw.eu
tiktokw.us
tiktokcdn.com
tiktokcdn-us.com
tiktokcdn-eu.com
tiktokeu-cdn.com
tiktokrow-cdn.com
ttoverseaus.net
tiktok-row.net
tiktokd.net
tiktokd.org
tiktokapis.com
musical.ly
muscdn.com
tik-tokapi.com
ttlivecdn.com
ttwstatic.com
ttcdn-us.com
tiktokcdn-us.com.edgesuite.net
tiktokcdn.com.akamaized.net
tiktokcdn.com.edgesuite.net
tiktokv.com.edgekey.net
tiktokv.com.edgesuite.net
p16-tiktokcdn-com.akamaized.net
